[www.routenote.com/index.html]
[ajax.googleapis.com/ajax/libs/jquery/2.1.1/jquery.min.js]
[cdnjs.cloudflare.com/ajax/libs/platform/1.3.5/platform.min.js]
[backblue.gif]
[fade.gif]
[index.html]
[cdnjs.cloudflare.com/ajax/libs/jquery-cookie/1.4.1/jquery.cookie.min.js]
[www.routenote.com/rnb_app.css]
[www.routenote.com/_assets/icons/apple-touch-icon.png]
[www.routenote.com/_assets/icons/favicon-32x32.png]
[www.routenote.com/_assets/icons/favicon-16x16.png]
[www.routenote.com/_assets/icons/favicon.ico]
[www.routenote.com/rnb_emailsubmit.js]
[www.routenote.com/rnb_nav.js]
[cdn.jsdelivr.net/gh/alpinejs/alpine@v2.x.x/dist/alpine.min.js]
[www.routenote.com/rnb_frontpage.js]
[translate.google.com/translate_a/elementa0d8.js]
[www.routenote.com/index.html]
[www.routenote.com/_assets/contact/contact-hero.jpg]
[www.routenote.com/_assets/contact/contact-lights-hero.png]
[www.routenote.com/_assets/contact/contact-google-maps-routenote.png]
[www.routenote.com/page-not-found.html]
[www.routenote.com/_assets/home/routenote-sessions/routenote-sessions-nana-darby.png]
[www.routenote.com/_assets/home/routenote-sessions/routenote-sessions-luke-moss.jpg]
[www.routenote.com/_assets/home/routenote-sessions/routenote-sessions-oh.jpg]
[www.routenote.com/_assets/home/routenote-sessions/routenote-sessions-tinnedfruit.png]
[www.routenote.com/_assets/home/routenote-sessions/routenote-sessions-soot-sprite.png]
[www.routenote.com/_assets/home/routenote-sessions/routenote-sessions-sam-brockington.jpg]
[www.routenote.com/_assets/home/routenote-sessions/routenote-sessions-slightly.png]
[www.routenote.com/_assets/home/routenote-sessions/routenote-sessions-school-disco.jpg]
[www.routenote.com/_assets/home/routenote-sessions/routenote-sessions-king-creature.png]
[www.routenote.com/_assets/why-routenote/why-routenote-lights-hero.png]
[www.routenote.com/_assets/why-routenote/why-routenote-hero.jpg]
[www.routenote.com/_assets/why-routenote/pricing-background.jpg]
[www.routenote.com/_assets/music-distribution/music-distribution-lights-hero.png]
[www.routenote.com/_assets/music-distribution/music-distribution-hero.jpg]
[www.routenote.com/_assets/partners/partners-lights-hero.png]
[www.routenote.com/_assets/partners/partners-page-hero-cropped.jpg]
[www.routenote.com/_assets/monetisation/monetisation-lights-hero.png]
[www.routenote.com/_assets/monetisation/monetisation-hero.png]
[www.routenote.com/_assets/about/about-lights-hero.png]
[www.routenote.com/_assets/about/hero-image.png]
[www.routenote.com/_assets/terms-and-conditions/terms-and-conditions-lights-hero.png]
[www.routenote.com/_assets/brand-assets/brand-assets-lights-hero.png]
[www.routenote.com/_assets/push-promo/banner/lights.png]
[www.routenote.com/_assets/push-promo/banner/hero-image.jpg]
[www.routenote.com/_assets/pricing/pricing-lights-hero.png]
[www.routenote.com/_assets/pricing/pricing-hero.jpg]
[www.routenote.com/_assets/privacy-policy/privacy-policy-lights-hero.png]
[www.routenote.com/_assets/sign-in/sign-in-lights-hero.png]
[www.routenote.com/_assets/sign-in/sign-in-hero.jpg]
[www.routenote.com/_assets/sign-up/sign-up-lights-hero.png]
[www.routenote.com/_assets/sign-up/sign-up-hero.jpg]
[www.routenote.com/_assets/forgotten-password/forgotten-password-lights-hero.png]
[www.routenote.com/_assets/forgotten-password/forgotten-password-hero.jpg]
[www.routenote.com/_assets/spotify-for-artists/lights-hero-image.png]
[www.routenote.com/_assets/spotify-for-artists/hero-image.png]
[www.routenote.com/_assets/routenote-vs/routenote-vs-hero.png]
[www.routenote.com/_assets/routenote-vs/routenote-vs-lights-hero.png]
[www.routenote.com/_assets/earnings-background.png]
[www.routenote.com/_assets/music-marketing/music-marketing-lights-hero.png]
[www.routenote.com/_assets/music-marketing/music-marketing-hero-image.png]
[www.routenote.com/_assets/sync-licensing/sync-licensing-lights-hero.png]
[www.routenote.com/_assets/sync-licensing/sync-licensing-hero-image.png]
[www.routenote.com/_assets/release-music-online/release-music-lights-hero.png]
[www.routenote.com/_assets/release-music-online/release-music-hero-image.png]
[www.routenote.com/_assets/free-or-premium/free-or-premium-lights-hero.png]
[www.routenote.com/_assets/free-or-premium/free-or-premium-hero-image.png]
[www.routenote.com/_assets/spotify-distribution/spotify-distribution-lights-hero.png]
[www.routenote.com/_assets/spotify-distribution/spotify-distribution-hero-image.png]
[www.routenote.com/_assets/free-codes/free-codes-lights-hero.png]
[www.routenote.com/_assets/free-codes/free-codes-hero-image.png]
[www.routenote.com/_assets/artist-profiles/artist-profiles-lights-hero.png]
[www.routenote.com/_assets/artist-profiles/artist-profiles-hero-image.png]
[www.routenote.com/_assets/label-distribution/label-distribution-lights-hero.png]
[www.routenote.com/_assets/label-distribution/label-distribution-hero-image.png]
[www.routenote.com/_assets/switch-to-routenote/switch-to-routenote-lights-hero.png]
[www.routenote.com/_assets/switch-to-routenote/switch-to-routenote-hero-image.png]
[www.routenote.com/rnb_app.css]
[www.routenote.com/_assets/icons/site.html]
[www.routenote.com/_assets/icons/safari-pinned-tab.svg]
[www.googletagmanager.com/gtm5445.html]
[www.routenote.com/_assets/svg/down-arrow-cloud.svg]
[www.routenote.com/rn/signup_page/design.html]
[www.routenote.com/page-not-found.html]
[www.routenote.com/_assets/svg/button-arrow-white.svg]
[www.routenote.com/rnb_pagenotfound.js]
